// Vitest Snapshot v1, https://vitest.dev/guide/snapshot.html

exports[`MyceliumSection > renders German forest and mycelium copy 1`] = `
<section
  class="relative isolate overflow-hidden py-16 sm:py-20 lg:py-24 bg-gradient-to-b from-[#0c1813] via-[#0f1f17] to-[#0c1813]"
  id="mycelium"
>
  <div
    class="absolute inset-0 opacity-30 pointer-events-none"
    style="background: radial-gradient(circle at 20% 15%, rgba(212, 168, 87, 0.15), transparent 55%), radial-gradient(circle at 80% 10%, rgba(74, 103, 65, 0.18), transparent 60%);"
  />
  <div
    class="relative mx-auto max-w-6xl px-6 lg:px-8 space-y-8 text-white"
  >
    <header
      class="text-center space-y-4"
    >
      <p
        class="text-xs uppercase tracking-[0.35em] text-saimor-gold"
      >
        So funktioniert's
      </p>
      <h2
        class="text-3xl sm:text-4xl font-semibold"
        style="font-family: "Cormorant Garamond", serif;"
      >
        Oben der Wald, unten das Myzel
      </h2>
      <p
        class="text-base sm:text-lg text-white/80 max-w-3xl mx-auto leading-relaxed"
      >
        Môra bündelt Signale aus deinen Systemen und zeigt dir, was zusammengehört.
      </p>
      <div
        class="flex flex-wrap justify-center gap-3 text-[10px] uppercase tracking-[0.4em] text-white/65"
      >
        <span
          class="rounded-full border border-white/10 bg-white/5 px-4 py-1"
        >
          Ruhig
        </span>
        <span
          class="rounded-full border border-white/10 bg-white/5 px-4 py-1"
        >
          Klar
        </span>
      </div>
    </header>
    <div
      class="grid gap-6 lg:grid-cols-3"
    >
      <div
        class="rounded-3xl border border-white/15 bg-white/5 backdrop-blur-xl p-6 shadow-[0_18px_50px_rgba(0,0,0,0.22)]"
      >
        <div
          class="flex items-center gap-3 text-white"
        >
          <span
            class="rounded-2xl bg-white/10 border border-white/10 p-2 inline-flex"
          >
            <svg
              class="lucide lucide-leaf h-5 w-5 text-saimor-gold"
              fill="none"
              height="24"
              stroke="currentColor"
              stroke-linecap="round"
              stroke-linejoin="round"
              stroke-width="2"
              viewBox="0 0 24 24"
              width="24"
              xmlns="http://www.w3.org/2000/svg"
            >
              <path
                d="M11 20A7 7 0 0 1 9.8 6.1C15.5 5 17 4.48 19 2c1 2 2 4.18 2 8 0 5.5-4.78 10-10 10Z"
              />
              <path
                d="M2 21c0-3 1.85-5.36 5.08-6C9.5 14.52 12 13 13 12"
              />
            </svg>
          </span>
          <h3
            class="text-lg font-semibold"
          >
            Der Wald
          </h3>
        </div>
        <ul
          class="mt-4 space-y-2 text-sm text-white/80"
        >
          <li
            class="flex gap-3"
          >
            <span
              class="text-saimor-gold mt-0.5"
            >
              •
            </span>
            <span>
              Teams & Projekte an einem Ort
            </span>
          </li>
          <li
            class="flex gap-3"
          >
            <span
              class="text-saimor-gold mt-0.5"
            >
              •
            </span>
            <span>
              Nur was wichtig ist
            </span>
          </li>
          <li
            class="flex gap-3"
          >
            <span
              class="text-saimor-gold mt-0.5"
            >
              •
            </span>
            <span>
              Ruhiger Überblick
            </span>
          </li>
        </ul>
      </div>
      <div
        class="rounded-3xl border border-white/15 bg-white/5 backdrop-blur-xl p-6 shadow-[0_18px_50px_rgba(0,0,0,0.22)]"
      >
        <div
          class="flex items-center gap-3 text-white"
        >
          <span
            class="rounded-2xl bg-white/10 border border-white/10 p-2 inline-flex"
          >
            <svg
              class="lucide lucide-network h-5 w-5 text-saimor-gold"
              fill="none"
              height="24"
              stroke="currentColor"
              stroke-linecap="round"
              stroke-linejoin="round"
              stroke-width="2"
              viewBox="0 0 24 24"
              width="24"
              xmlns="http://www.w3.org/2000/svg"
            >
              <rect
                height="6"
                rx="1"
                width="6"
                x="16"
                y="16"
              />
              <rect
                height="6"
                rx="1"
                width="6"
                x="2"
                y="16"
              />
              <rect
                height="6"
                rx="1"
                width="6"
                x="9"
                y="2"
              />
              <path
                d="M5 16v-3a1 1 0 0 1 1-1h12a1 1 0 0 1 1 1v3"
              />
              <path
                d="M12 12V8"
              />
            </svg>
          </span>
          <h3
            class="text-lg font-semibold"
          >
            Das Myzel
          </h3>
        </div>
        <ul
          class="mt-4 space-y-2 text-sm text-white/80"
        >
          <li
            class="flex gap-3"
          >
            <span
              class="text-saimor-gold mt-0.5"
            >
              •
            </span>
            <span>
              Verbindet alle Systeme
            </span>
          </li>
          <li
            class="flex gap-3"
          >
            <span
              class="text-saimor-gold mt-0.5"
            >
              •
            </span>
            <span>
              Zeigt Zusammenhänge
            </span>
          </li>
          <li
            class="flex gap-3"
          >
            <span
              class="text-saimor-gold mt-0.5"
            >
              •
            </span>
            <span>
              Schlägt nächste Schritte vor
            </span>
          </li>
        </ul>
      </div>
      <div
        class="rounded-3xl border border-white/15 bg-white/5 backdrop-blur-xl p-6 shadow-[0_18px_50px_rgba(0,0,0,0.22)]"
      >
        <div
          class="flex items-center gap-3 text-white"
        >
          <span
            class="rounded-2xl bg-white/10 border border-white/10 p-2 inline-flex"
          >
            <svg
              class="lucide lucide-panels-top-left h-5 w-5 text-saimor-gold"
              fill="none"
              height="24"
              stroke="currentColor"
              stroke-linecap="round"
              stroke-linejoin="round"
              stroke-width="2"
              viewBox="0 0 24 24"
              width="24"
              xmlns="http://www.w3.org/2000/svg"
            >
              <rect
                height="18"
                rx="2"
                width="18"
                x="3"
                y="3"
              />
              <path
                d="M3 9h18"
              />
              <path
                d="M9 21V9"
              />
            </svg>
          </span>
          <div>
            <h3
              class="text-lg font-semibold"
            >
              Demo-Panel
            </h3>
            <p
              class="text-xs text-white/65"
            >
              Folder - Field - Insights - Chat
            </p>
          </div>
        </div>
        <dl
          class="mt-4 space-y-3 text-sm text-white/85"
        >
          <div
            class="flex items-center justify-between gap-3 border-b border-white/10 pb-2"
          >
            <dt
              class="text-white/60"
            >
              Modus
            </dt>
            <dd
              class="font-medium text-white"
            >
              Simulierte Daten - Calm sync
            </dd>
          </div>
          <div
            class="flex items-center justify-between gap-3 border-b border-white/10 pb-2"
          >
            <dt
              class="text-white/60"
            >
              Fokus
            </dt>
            <dd
              class="font-medium text-white"
            >
              People x Process
            </dd>
          </div>
          <div
            class="flex items-center justify-between gap-3 border-b border-white/10 pb-2"
          >
            <dt
              class="text-white/60"
            >
              Status
            </dt>
            <dd
              class="font-medium text-white"
            >
              Live Demo Panel
            </dd>
          </div>
        </dl>
        <p
          class="mt-3 text-xs text-white/60"
        >
          Direkter Sprung in die UI ohne Marketing-Tour.
        </p>
        <a
          class="mt-5 inline-flex items-center justify-center rounded-2xl border border-white/20 bg-white/10 px-4 py-2 text-sm font-semibold text-white hover:border-saimor-gold hover:text-saimor-gold transition-colors"
          href="#demo-preview"
        >
          Demo öffnen
        </a>
      </div>
    </div>
    <div
      class="grid gap-4 sm:grid-cols-2 lg:grid-cols-4"
    >
      <div
        class="rounded-2xl border border-white/10 bg-white/5 px-4 py-3 text-white/85 flex flex-col gap-1"
      >
        <span
          class="text-xs uppercase tracking-[0.3em] text-white/55"
        >
          Signals
        </span>
        <span
          class="text-lg font-semibold"
          style="font-family: "Cormorant Garamond", serif;"
        >
          12 ruhig
        </span>
      </div>
      <div
        class="rounded-2xl border border-white/10 bg-white/5 px-4 py-3 text-white/85 flex flex-col gap-1"
      >
        <span
          class="text-xs uppercase tracking-[0.3em] text-white/55"
        >
          Dialog
        </span>
        <span
          class="text-lg font-semibold"
          style="font-family: "Cormorant Garamond", serif;"
        >
          MA'ra antwortet nach Kontext
        </span>
      </div>
      <div
        class="rounded-2xl border border-white/10 bg-white/5 px-4 py-3 text-white/85 flex flex-col gap-1"
      >
        <span
          class="text-xs uppercase tracking-[0.3em] text-white/55"
        >
          Kontext
        </span>
        <span
          class="text-lg font-semibold"
          style="font-family: "Cormorant Garamond", serif;"
        >
          Folder + Field kombiniert
        </span>
      </div>
      <div
        class="rounded-2xl border border-white/10 bg-white/5 px-4 py-3 text-white/85 flex flex-col gap-1"
      >
        <span
          class="text-xs uppercase tracking-[0.3em] text-white/55"
        >
          Tempo
        </span>
        <span
          class="text-lg font-semibold"
          style="font-family: "Cormorant Garamond", serif;"
        >
          Calm - keine Hektik
        </span>
      </div>
    </div>
  </div>
</section>
`;
